2026-09-09T17:47:23.696653  view /security
2026-09-09T17:47:40.651003  view /
2026-09-09T17:47:49.692994  view /command
2026-09-09T17:47:52.302466  view /command
2026-09-09T17:48:16.840976  view /command
2026-09-09T17:48:19.603320  view /
2026-09-09T17:48:55.258713  view /command
2026-09-09T17:49:10.746329  run search -> 30 jobs
2026-09-09T17:49:10.766537  view /command
2026-09-09T17:54:04.106242  view /
2026-09-09T18:15:17.620849  search-hiring -> 30
2026-09-09T18:15:17.658047  view /security
2026-09-09T18:15:27.946817  view /
2026-09-09T20:12:53.587797  search-hiring -> 512
2026-09-10T19:14:06.901826  search-hiring -> 496
2026-09-10T19:15:46.744594  search-hiring -> 493
2026-09-10T19:16:27.135810  search-hiring -> 470
2026-09-10T19:17:46.999121  search-hiring -> 450
2026-09-10T19:27:54.119897  search-hiring -> 495
2026-09-10T19:29:22.322422  search-hiring -> 493
2026-09-10T19:30:39.529925  search-hiring -> 477
2026-09-10T19:36:33.925195  search-hiring -> 447
2026-09-10T19:38:40.080693  search-hiring -> 0
2026-09-10T19:40:13.708454  search-hiring -> 0
2026-09-10T19:41:44.814123  search-hiring -> 0
2026-09-10T19:43:26.314379  search-hiring -> 0
2026-09-10T19:50:45.455906  search-hiring -> 499 from 105+ sources
2026-09-10T19:52:06.416351  search-hiring -> 493 from 105+ sources
2026-09-10T19:52:50.660378  search-hiring -> 473 from 105+ sources
2026-09-10T19:54:08.286645  search-hiring -> 447 from 105+ sources
2026-09-10T19:55:46.019291  search-hiring -> 447 from 105+ sources
